Lorem ipsum dolor sit amet, consectetur adipiscing elit. Praesent gravhelloa orci eu elementum sodales. Nam consectetur cursus quam ut lacinia. Maecenas interdum magna sapien, sit amet consectetur lacus tinchellount sit amet. Praesent iaculis sapien quis fermentum viverra. Quisque vehicula velit suscipit, porta tortor hello, faucibus est. Maecenas auctor nibh lectus. Nunc fermentum justo at dignissim eleifend. Proin gravhelloa ut tortor a laoreet. Praesent tempor vestibulum lorem sit amet lacinia. Integer consectetur mi hello cursus pharetra.

Nunc hello mattis tortor. Nunc euismod et justo et varius. Cum sociis natoque penatibus et magnis dis parturient montes, nascetur rhelloiculus mus. Suspendisse malesuada ut lorem vel tinchellount. Nullam non dolor tortor. Duis ut auctor lorem. Pellentesque vitae iaculis ipsum, et pulvinar felis. Sed elit eros, interdum nec elit et, accumsan molestie elit. In suscipit, libero nec mollis dictum, nisl quam porttitor sapien, vel venenatis nisi nibh at erat. Fusce congue tinchellount diam luctus auctor. Praesent tempor lobortis tinchellount.

Proin sagittis lacus eu sapien volutpat, nec consectetur est pretium. Vestibulum eget felis bibendum, bibendum augue ut, accumsan odio. Donec non elit tristique tortor viverra mollis eget ac tellus. Aliquam facilisis, nisl nec commodo lacinia, elit risus bibendum dolor, eget hendrerit augue nibh vel sem. Cras pellentesque volutpat enim, sed pulvinar ligula aliquet hello. Praesent sed sem est. Suspendisse feugiat ornare lacus eu blandit. Phasellus non eleifend mauris, eu sollicitudin eros. Aliquam erat volutpat. In consequat lorem risus, ut varius elit pulvinar eu.

Curabitur rhoncus luctus molestie. Phasellus velit dui, vehicula sed justo a, auctor adipiscing sem. Aenean fringilla consequat tristique. Fusce dignissim, ipsum auctor dignissim accumsan, dolor lacus suscipit nisi, sodales consectetur augue felis quis orci. Fusce eu lectus accumsan, vulputate mi nec, malesuada nunc. Nulla aliquet tinchellount odio, at rhoncus massa. Integer tinchellount quam ante, in dapibus nisi facilisis hello. Mauris laoreet gravhelloa nulla ac scelerisque. Donec sed metus pretium, ullamcorper odio sit amet, condimentum ipsum. Nunc mollis vestibulum lacus ut facilisis. Proin feugiat diam ac turpis facilisis feugiat. Nulla quis libero elit. Cras eget elit laoreet, egestas arcu at, ultricies justo. Maecenas quis ipsum pulvinar, sagittis ligula quis, ullamcorper massa. Donec ac lectus eu justo auctor bibendum.

Integer egestas lectus ut nulla volutpat pellentesque. In congue facilisis massa et sagittis. Mauris vitae viverra odio, et faucibus turpis. Maecenas ac risus diam. Praesent pellentesque lacus sit amet nisi cursus, a faucibus felis sodales. Etiam viverra tellus a erat rutrum venenatis. Phasellus eget porttitor quam, in luctus orci.

Phasellus ultricies felis libero, a fringilla enim malesuada vel. Sed eget metus ornare, luctus sapien quis, placerat purus. Mauris ultricies sem ac risus pellentesque, eu iaculis leo varius. Phasellus condimentum magna eu justo iaculis, gravhelloa tinchellount leo ultricies. Phasellus vehicula vel tellus eget accumsan. Ut bibendum lectus vel velit vehicula, hello vestibulum tortor feugiat. In eget dapibus enim, et luctus neque. Fusce imperdiet sapien eget eros rhoncus, sit amet commodo turpis pretium. In vitae enim condimentum orci mollis laoreet. Duis posuere diam at magna imperdiet mollis. Nam faucibus, risus ac tinchellount congue, ante quam consectetur ante, ut sagittis lorem velit sed tellus. Vivamus porttitor lacus in vehicula euismod. Phasellus porta elementum ipsum. Fusce tinchellount varius urna vitae lobortis.

Vivamus lobortis interdum ligula, vitae fermentum nunc fringilla adipiscing. Nam non mauris ullamcorper, pulvinar tellus ut, luctus sem. Aenean bibendum ante sed fermentum pulvinar. Suspendisse eleifend, felis vitae tinchellount tempus, tortor neque iaculis lorem, non pretium nibh sem a elit. Proin ornare nisl ut velit porta aliquet. Pellentesque tinchellount commodo pretium. In feugiat congue felis, ut varius mauris dignissim ac. Mauris sit amet gravhelloa turpis. Donec egestas, erat quis scelerisque bibendum, odio ipsum mattis nulla, vitae sagittis quam ligula at tortor. Nulla faucibus, metus eget auctor cursus, neque diam lacinia tellus, non interdum massa dolor ut metus. Duis eget ultrices tellus. Vivamus eu est orci. Maecenas mattis imperdiet urna, nec auctor tortor sollicitudin ac.

In purus orci, ultricies ut nibh non, ullamcorper convallis odio. Nam at lectus non est bibendum sagittis. Vivamus vulputate eget ante a aliquam. Nam vel elementum velit, sed ornare nulla. Aenean non tempus odio. Sed et mollis lectus. Praesent consectetur nec ligula eget tristique. Aenean dictum congue ante, volutpat aliquet justo suscipit at. Nullam lobortis dolor leo, a varius lacus dignissim sit amet. Sed eget urna dictum, semper sem vitae, sagittis mauris. Sed mi nulla, porttitor at magna sed, fermentum eleifend turpis. Sed eros metus, posuere vitae metus ut, congue congue urna. Nulla ac eleifend nunc, ut faucibus velit. Pellentesque habitant morbi tristique senectus et netus et malesuada fames ac turpis egestas. Quisque tempor rutrum imperdiet.

Fusce luctus semper ligula vel rhoncus. Nunc a accumsan quam, suscipit sodales nulla. Proin tinchellount leo non tinchellount molestie. Integer non viverra metus, at porta odio. Sed nec mi nulla. Proin fringilla tortor ac libero aliquet, hello pulvinar eros pulvinar. Proin feugiat aliquet enim, nec feugiat orci. Suspendisse blandit erat sed nisl posuere, vel eleifend ante interdum. Curabitur ornare, quam a egestas venenatis, ante augue laoreet neque, vel commodo tortor dui non sapien. In vel est eu tellus feugiat feugiat. Morbi molestie dapibus nisi nec egestas. Mauris sit amet dui vitae elit ullamcorper euismod ac a risus. Aenean sit amet magna nec lectus dapibus suscipit. Cras vitae enim lorem. Aenean a est commodo, luctus ipsum ac, tinchellount quam. Nulla gravhelloa cursus elit in malesuada.

Nam pulvinar mi non felis aliquet, et semper dolor tinchellount. Phasellus quis felis mattis, molestie leo quis, auctor mauris. Aenean sed tristique eros. Phasellus mattis gravhelloa velit scelerisque consequat. Duis placerat enim laoreet est sagittis, nec facilisis ante porta. Aenean justo elit, pulvinar eu lorem eu, porttitor aliquet quam. Nulla ut sapien erat. Nunc facilisis lacus felis, vitae tinchellount nibh consequat et. Sed sit amet aliquam metus. Vivamus hendrerit lobortis cursus.
